// Vitest Snapshot v1, https://vitest.dev/guide/snapshot.html

exports[`shows notifications as toasts 1`] = `
<div
  aria-atomic="true"
  class="chakra-toast__inner css-dixmdy"
  data-theme="light"
  role="status"
>
  <div
    class="chakra-alert css-48wy07"
    data-status="info"
    data-theme="light"
    id="toast-1"
  >
    <span
      class="chakra-alert__icon css-14ogjxt"
      data-status="info"
      data-theme="light"
    >
      <svg
        class="chakra-icon css-qk6lof"
        data-theme="light"
        focusable="false"
        viewBox="0 0 24 24"
      >
        <path
          d="M12,0A12,12,0,1,0,24,12,12.013,12.013,0,0,0,12,0Zm.25,5a1.5,1.5,0,1,1-1.5,1.5A1.5,1.5,0,0,1,12.25,5ZM14.5,18.5h-4a1,1,0,0,1,0-2h.75a.25.25,0,0,0,.25-.25v-4.5a.25.25,0,0,0-.25-.25H10.5a1,1,0,0,1,0-2h1a2,2,0,0,1,2,2v4.75a.25.25,0,0,0,.25.25h.75a1,1,0,1,1,0,2Z"
          fill="currentColor"
        />
      </svg>
    </span>
    <div
      class="css-njbp03"
      data-theme="light"
    >
      <div
        class="chakra-alert__title css-tidvy5"
        data-status="info"
        data-theme="light"
        id="toast-1-title"
      >
        test
      </div>
      <div
        class="chakra-alert__desc css-161kwbg"
        data-status="info"
        data-theme="light"
        id="toast-1-description"
      >
        <div
          data-testid="notification-message"
        >
          Message
        </div>
      </div>
    </div>
    <button
      aria-label="Close"
      class="css-1pq15d"
      data-theme="light"
      type="button"
    >
      <svg
        aria-hidden="true"
        class="chakra-icon css-onkibi"
        data-theme="light"
        focusable="false"
        viewBox="0 0 24 24"
      >
        <path
          d="M.439,21.44a1.5,1.5,0,0,0,2.122,2.121L11.823,14.3a.25.25,0,0,1,.354,0l9.262,9.263a1.5,1.5,0,1,0,2.122-2.121L14.3,12.177a.25.25,0,0,1,0-.354l9.263-9.262A1.5,1.5,0,0,0,21.439.44L12.177,9.7a.25.25,0,0,1-.354,0L2.561.44A1.5,1.5,0,0,0,.439,2.561L9.7,11.823a.25.25,0,0,1,0,.354Z"
          fill="currentColor"
        />
      </svg>
    </button>
  </div>
</div>
`;
