// Vitest Snapshot v1, https://vitest.dev/guide/snapshot.html

exports[`should successfully create a coordinate search component 1`] = `
<div
  class="coordinate-input coordinate-search css-1xhj18k"
  data-testid="coordinate-search"
>
  <div
    class="chakra-group chakra-tooltip__trigger coordinate-input-group css-r8l1zn"
    data-part="trigger"
    data-scope="tooltip"
    data-state="closed"
    dir="ltr"
    id="tooltip:_r_0_:trigger"
  >
    <div
      class="coordinate-input-select-root chakra-select__root css-11vsvdz"
      data-part="root"
      data-scope="select"
      dir="ltr"
      id="select:_r_1_"
    >
      <div
        class="coordinate-input-select chakra-select__control css-17j1053"
        data-part="control"
        data-scope="select"
        data-state="closed"
        dir="ltr"
        id="select:_r_1_:control"
      >
        <label
          class="chakra-select__label css-164gb0n"
          data-part="label"
          data-scope="select"
          dir="ltr"
          for="select:_r_1_:select"
          id="select:_r_1_:label"
        >
          projections.ariaLabel
        </label>
        <button
          aria-controls="select:_r_1_:content"
          aria-expanded="false"
          aria-haspopup="listbox"
          aria-invalid="false"
          aria-labelledby="select:_r_1_:label"
          class="coordinate-input-select-trigger chakra-select__trigger css-1qq4sc1"
          data-part="trigger"
          data-scope="select"
          data-state="closed"
          dir="ltr"
          id="select:_r_1_:trigger"
          role="combobox"
          type="button"
        >
          <span
            class="coordinate-input-select-value chakra-select__valueText css-176t9sc"
            data-part="value-text"
            data-scope="select"
            dir="ltr"
          >
            WGS 84
          </span>
        </button>
        <div
          class="chakra-select__indicatorGroup css-1fx1ifu"
        >
          <div
            aria-hidden="true"
            class="chakra-select__indicator css-k35okj"
            data-part="indicator"
            data-scope="select"
            data-state="closed"
            dir="ltr"
          >
            <svg
              class="css-s3mb0o"
              viewBox="0 0 24 24"
            >
              <path
                d="m6 9 6 6 6-6"
              />
            </svg>
          </div>
        </div>
      </div>
    </div>
    <div
      class="chakra-group coordinate-input-field-group css-1w66b0j"
    >
      <div
        class="chakra-field__root css-lesxm"
        data-part="root"
        data-scope="field"
        id="field::_r_2_"
        role="group"
      >
        <input
          aria-label="coordinateInput.ariaLabel"
          autocomplete="off"
          class="chakra-input css-n0ozho"
          data-part="input"
          data-scope="field"
          id="_r_2_"
          placeholder=""
          type="text"
          value=""
        />
      </div>
    </div>
  </div>
</div>
`;
