// Vitest Snapshot v1, https://vitest.dev/guide/snapshot.html

exports[`should successfully create a printing component 1`] = `
<div
  class="printing css-0"
  data-testid="printing"
  data-theme="light"
>
  bound HTMLFormElement {
    "0": <input
      class="chakra-input css-1cjy4zv"
      data-theme="light"
      id="field-:r0:"
      placeholder="input.placeholder"
      value=""
    />,
    "1": bound HTMLSelectElement {
      "0": <option
        value="png"
      >
        PNG
      </option>,
      "1": <option
        value="pdf"
      >
        PDF
      </option>,
    },
    "2": <button
      class="chakra-button printing-export-button css-166bd52"
      data-theme="light"
      type="submit"
    >
      export
    </button>,
  }
</div>
`;
