// Vitest Snapshot v1, https://vitest.dev/guide/snapshot.html

exports[`should successfully create a toc component 1`] = `
<div
  class="toc css-1op6ogi"
  data-testid="toc"
>
  <div
    class="toc-basemap-switcher css-c1sqso"
  >
    <h1
      class="chakra-heading css-k5qncm"
      id="«r0»"
    >
      basemapsLabel
    </h1>
    <div
      class="basemap-switcher css-0"
    >
      <div
        class="basemap-switcher-select chakra-select__root css-3jlqt6"
        data-part="root"
        data-scope="select"
        dir="ltr"
        id="select:«r1»"
      >
        <div
          class="chakra-select__control css-17j1053"
          data-part="control"
          data-scope="select"
          data-state="open"
          dir="ltr"
          id="select:«r1»:control"
        >
          <button
            aria-controls="select:«r1»:content"
            aria-expanded="true"
            aria-haspopup="listbox"
            aria-labelledby="«r0»"
            class="basemap-switcher-select-trigger chakra-select__trigger css-jjrwqe"
            data-part="trigger"
            data-placement="bottom-start"
            data-scope="select"
            data-state="open"
            dir="ltr"
            id="select:«r1»:trigger"
            role="combobox"
            type="button"
          >
            <span
              class="chakra-select__valueText css-176t9sc"
              data-part="value-text"
              data-scope="select"
              dir="ltr"
            >
              Base layer
            </span>
          </button>
          <div
            class="chakra-select__indicatorGroup css-1fx1ifu"
          >
            <div
              aria-hidden="true"
              class="chakra-select__indicator css-1atg1ut"
              data-part="indicator"
              data-scope="select"
              data-state="open"
              dir="ltr"
            >
              <svg
                class="css-s3mb0o"
                viewBox="0 0 24 24"
              >
                <path
                  d="m6 9 6 6 6-6"
                />
              </svg>
            </div>
          </div>
        </div>
      </div>
    </div>
  </div>
  <div
    class="toc-operational-layers css-0"
  >
    <h1
      class="chakra-heading css-12sq6rj"
    >
      <div
        class="css-k008qs"
      >
        <p
          class="css-0"
        >
          operationalLayerLabel
        </p>
        <div
          class="css-xsawf1"
        />
      </div>
    </h1>
    <ul
      aria-label="operationalLayerLabel"
      class="toc-layer-list chakra-list__root css-1qja9vd"
      role="list"
    >
      <li
        class="toc-layer-item layer-layer-2 css-0"
      >
        <div
          class="toc-layer-item-content css-1rikyh3"
        >
          <label
            aria-label="Layer 2"
            class="chakra-checkbox__root css-uwx0lo"
            data-part="root"
            data-scope="checkbox"
            data-state="checked"
            dir="ltr"
            for="checkbox:«r3»:input"
            id="checkbox:«r3»"
          >
            <input
              aria-labelledby="checkbox:«r3»:label"
              checked=""
              id="checkbox:«r3»:input"
              style="border: 0px; height: 1px; margin: -1px; overflow: hidden; padding: 0px; position: absolute; width: 1px; white-space: nowrap; word-wrap: normal;"
              type="checkbox"
              value="on"
            />
            <div
              aria-hidden="true"
              class="chakra-checkbox__control css-gjxnkp"
              data-part="control"
              data-scope="checkbox"
              data-state="checked"
              dir="ltr"
              id="checkbox:«r3»:control"
            >
              <svg
                class="css-wuqtn7"
                data-state="checked"
                viewBox="0 0 24 24"
              >
                <polyline
                  points="20 6 9 17 4 12"
                />
              </svg>
            </div>
            <span
              class="chakra-checkbox__label css-1td7ckk"
              data-part="label"
              data-scope="checkbox"
              data-state="checked"
              dir="ltr"
              id="checkbox:«r3»:label"
            >
              Layer 2
            </span>
          </label>
          <div
            class="css-xsawf1"
          />
        </div>
      </li>
      <li
        class="toc-layer-item layer-layer-1 css-0"
      >
        <div
          class="toc-layer-item-content css-1rikyh3"
        >
          <label
            aria-label="Layer 1"
            class="chakra-checkbox__root css-uwx0lo"
            data-part="root"
            data-scope="checkbox"
            data-state="checked"
            dir="ltr"
            for="checkbox:«r6»:input"
            id="checkbox:«r6»"
          >
            <input
              aria-labelledby="checkbox:«r6»:label"
              checked=""
              id="checkbox:«r6»:input"
              style="border: 0px; height: 1px; margin: -1px; overflow: hidden; padding: 0px; position: absolute; width: 1px; white-space: nowrap; word-wrap: normal;"
              type="checkbox"
              value="on"
            />
            <div
              aria-hidden="true"
              class="chakra-checkbox__control css-gjxnkp"
              data-part="control"
              data-scope="checkbox"
              data-state="checked"
              dir="ltr"
              id="checkbox:«r6»:control"
            >
              <svg
                class="css-wuqtn7"
                data-state="checked"
                viewBox="0 0 24 24"
              >
                <polyline
                  points="20 6 9 17 4 12"
                />
              </svg>
            </div>
            <span
              class="chakra-checkbox__label css-1td7ckk"
              data-part="label"
              data-scope="checkbox"
              data-state="checked"
              dir="ltr"
              id="checkbox:«r6»:label"
            >
              Layer 1
            </span>
          </label>
          <div
            class="css-xsawf1"
          />
        </div>
      </li>
    </ul>
  </div>
</div>
`;
