// Vitest Snapshot v1, https://vitest.dev/guide/snapshot.html

exports[`Should successfully create a toc with default tool component 1`] = `
{
  "tocDiv": <div
    class="toc css-1op6ogi"
    data-testid="toc"
  >
    <div
      class="toc-operational-layers"
    >
      <h1
        class="chakra-heading css-12sq6rj"
      >
        <div
          class="css-k008qs"
        >
          <p>
            operationalLayerLabel
          </p>
          <div
            class="css-xsawf1"
          />
          <div
            class="toc-tools"
          >
            <button
              aria-haspopup="menu"
              aria-label="toolsLabel"
              class="chakra-button chakra-tooltip__trigger chakra-menu__trigger toc-tools-button css-mnhxev"
              data-part="trigger"
              data-scope="tooltip"
              data-state="closed"
              data-uid="_r_2_"
              dir="ltr"
              id="_r_1_"
              type="button"
            >
              <svg
                aria-hidden="true"
                class="chakra-icon css-1qiwd9j"
                fill="none"
                focusable="false"
                height="1em"
                spacing="0"
                stroke="currentColor"
                stroke-linecap="round"
                stroke-linejoin="round"
                stroke-width="2"
                viewBox="0 0 24 24"
                width="1em"
                xmlns="http://www.w3.org/2000/svg"
              >
                <circle
                  cx="12"
                  cy="12"
                  r="1"
                />
                <circle
                  cx="12"
                  cy="5"
                  r="1"
                />
                <circle
                  cx="12"
                  cy="19"
                  r="1"
                />
              </svg>
            </button>
          </div>
        </div>
      </h1>
      <ul
        aria-label="operationalLayerLabel"
        class="toc-layer-list chakra-list__root css-1qja9vd"
        role="list"
      >
        <li
          class="toc-layer-item layer-layer-1"
        >
          <div
            class="toc-layer-item-content css-1rikyh3"
          >
            <label
              aria-label="Layer 1"
              class="chakra-checkbox__root css-uwx0lo"
              data-part="root"
              data-scope="checkbox"
              data-state="checked"
              dir="ltr"
              for="checkbox:_r_6_:input"
              id="checkbox:_r_6_"
            >
              <input
                aria-invalid="false"
                aria-labelledby="checkbox:_r_6_:label"
                checked=""
                id="checkbox:_r_6_:input"
                style="border: 0px; height: 1px; margin: -1px; overflow: hidden; padding: 0px; position: absolute; width: 1px; white-space: nowrap; word-wrap: normal;"
                type="checkbox"
                value="on"
              />
              <div
                aria-hidden="true"
                class="chakra-checkbox__control css-1rzwffa"
                data-part="control"
                data-scope="checkbox"
                data-state="checked"
                dir="ltr"
                id="checkbox:_r_6_:control"
              >
                <svg
                  class="css-wuqtn7"
                  data-state="checked"
                  viewBox="0 0 24 24"
                >
                  <polyline
                    points="20 6 9 17 4 12"
                  />
                </svg>
              </div>
              <span
                class="chakra-checkbox__label css-1td7ckk"
                data-part="label"
                data-scope="checkbox"
                data-state="checked"
                dir="ltr"
                id="checkbox:_r_6_:label"
              >
                Layer 1
              </span>
            </label>
            <div
              class="css-xsawf1"
            />
          </div>
        </li>
      </ul>
    </div>
  </div>,
  "tools": <div
    class="toc-tools"
  >
    <button
      aria-haspopup="menu"
      aria-label="toolsLabel"
      class="chakra-button chakra-tooltip__trigger chakra-menu__trigger toc-tools-button css-mnhxev"
      data-part="trigger"
      data-scope="tooltip"
      data-state="closed"
      data-uid="_r_2_"
      dir="ltr"
      id="_r_1_"
      type="button"
    >
      <svg
        aria-hidden="true"
        class="chakra-icon css-1qiwd9j"
        fill="none"
        focusable="false"
        height="1em"
        spacing="0"
        stroke="currentColor"
        stroke-linecap="round"
        stroke-linejoin="round"
        stroke-width="2"
        viewBox="0 0 24 24"
        width="1em"
        xmlns="http://www.w3.org/2000/svg"
      >
        <circle
          cx="12"
          cy="12"
          r="1"
        />
        <circle
          cx="12"
          cy="5"
          r="1"
        />
        <circle
          cx="12"
          cy="19"
          r="1"
        />
      </svg>
    </button>
  </div>,
}
`;

exports[`Should successfully create a toc with default tool component 2`] = `
<div
  aria-labelledby="_r_1_"
  class="toc-tools-menu chakra-menu__content css-sbuxqe"
  data-part="content"
  data-placement="bottom-start"
  data-scope="menu"
  data-state="closed"
  dir="ltr"
  id="menu:_r_2_:content"
  role="menu"
  style="--layer-index: 0; --nested-layer-count: 0;"
  tabindex="0"
>
  <div
    aria-label="tools.hideAllLayers"
    class="chakra-menu__item css-u03wm8"
    data-ownedby="menu:_r_2_:content"
    data-part="item"
    data-scope="menu"
    data-value="hideAllLayers"
    id="_r_2_/hideAllLayers"
    role="menuitem"
  >
    tools.hideAllLayers
  </div>
</div>
`;
