// Vitest Snapshot v1, https://vitest.dev/guide/snapshot.html

exports[`renders as a button 1`] = `
<button
  aria-label="Button Label"
  class="chakra-button chakra-tooltip__trigger tool-button css-19gwppe"
  data-part="trigger"
  data-scope="tooltip"
  data-state="closed"
  dir="ltr"
  id="tooltip:_r_0_:trigger"
  type="button"
>
  <span
    aria-hidden="true"
    class="chakra-icon css-1qiwd9j"
    focusable="false"
  >
    X
  </span>
</button>
`;
