// Vitest Snapshot v1, https://vitest.dev/guide/snapshot.html

exports[`should successfully create a toc component 1`] = `
<div
  class="toc css-2xph3x"
  data-testid="toc"
  data-theme="light"
>
  <div
    class="toc-basemap-switcher css-0"
    data-theme="light"
  >
    <h1
      class="chakra-heading css-1mnao0q"
      data-theme="light"
      id=":r0:"
    >
      basemapsLabel
    </h1>
    <div
      class="basemap-switcher css-0"
      data-theme="light"
    >
      <div
        class="basemap-switcher-select react-select--has-value css-79elbk"
        data-theme="light"
      >
        <span
          class="css-1f43avz-a11yText-A11yText"
          id="react-select-2-live-region"
        />
        <span
          aria-atomic="false"
          aria-live="polite"
          aria-relevant="additions text"
          class="css-1f43avz-a11yText-A11yText"
          role="log"
        />
        <div
          class="react-select__control react-select__control--menu-is-open css-156sfem"
          data-theme="light"
        >
          <div
            class="react-select__value-container react-select__value-container--has-value css-j93siq"
            data-theme="light"
          >
            <div
              class="basemap-switcher-value react-select__single-value css-1xa1gs2"
              data-theme="light"
            >
              <div
                class="css-u4p24i"
                data-theme="light"
              >
                Base layer
              </div>
            </div>
            <input
              aria-activedescendant="react-select-2-option-0"
              aria-autocomplete="list"
              aria-controls="react-select-2-listbox"
              aria-expanded="true"
              aria-haspopup="true"
              aria-labelledby=":r0:"
              aria-readonly="true"
              class="css-mohuvp-dummyInput-DummyInput"
              id="react-select-2-input"
              inputmode="none"
              role="combobox"
              tabindex="0"
              value=""
            />
          </div>
          <div
            class="react-select__indicators css-hfbj6y"
            data-theme="light"
          >
            <hr
              aria-orientation="vertical"
              class="chakra-divider react-select__indicator-separator css-1611kif"
              data-theme="light"
            />
            <div
              aria-hidden="true"
              class="react-select__indicator react-select__dropdown-indicator css-1lza9k0"
              data-theme="light"
            >
              <svg
                aria-hidden="true"
                class="chakra-icon css-onkibi"
                data-theme="light"
                focusable="false"
                role="presentation"
                viewBox="0 0 24 24"
              >
                <path
                  d="M16.59 8.59L12 13.17 7.41 8.59 6 10l6 6 6-6z"
                  fill="currentColor"
                />
              </svg>
            </div>
          </div>
        </div>
        <div
          class="react-select__menu css-ky7590"
          data-theme="light"
        >
          <div
            aria-multiselectable="false"
            class="react-select__menu-list css-1h5avke"
            data-theme="light"
            id="react-select-2-listbox"
            role="listbox"
          >
            <div
              aria-selected="true"
              class="basemap-switcher-option react-select__option react-select__option--is-focused react-select__option--is-selected css-e8c6zu"
              data-focus="true"
              data-theme="light"
              id="react-select-2-option-0"
              role="option"
              tabindex="-1"
            >
              <div
                class="css-u4p24i"
                data-theme="light"
              >
                Base layer
              </div>
            </div>
          </div>
        </div>
      </div>
    </div>
  </div>
  <div
    class="toc-operational-layers css-0"
    data-theme="light"
  >
    <h1
      class="chakra-heading css-1mnao0q"
      data-theme="light"
      id=":r1:"
    >
      <div
        class="css-k008qs"
        data-theme="light"
      >
        <p
          class="chakra-text css-9515vv"
          data-theme="light"
        >
          operationalLayerLabel
        </p>
        <div
          class="css-17xejub"
          data-theme="light"
        />
      </div>
    </h1>
    <ul
      aria-labelledby=":r1:"
      class="toc-layer-list css-155za0w"
      data-theme="light"
      role="list"
    >
      <li
        class="toc-layer-item layer-layer-2 css-0"
        data-theme="light"
      >
        <div
          class="toc-layer-item-content css-bk4v0k"
          data-theme="light"
        >
          <label
            class="chakra-checkbox css-1577qb8"
            data-checked=""
            data-theme="light"
          >
            <input
              aria-disabled="false"
              aria-label="Layer 2"
              class="chakra-checkbox__input"
              style="border: 0px; clip: rect(0, 0, 0, 0); height: 1px; width: 1px; margin: -1px; padding: 0px; overflow: hidden; white-space: nowrap; position: absolute;"
              type="checkbox"
              value=""
            />
            <span
              aria-hidden="true"
              class="chakra-checkbox__control css-1ydjfm6"
              data-checked=""
              data-theme="light"
            >
              <div
                class="css-0"
                data-theme="light"
                style="display: flex; align-items: center; justify-content: center; height: 100%;"
              >
                <svg
                  class="css-1ckqq05"
                  data-theme="light"
                  style="fill: none; stroke-width: 2; stroke: currentColor; stroke-dasharray: 16;"
                  viewBox="0 0 12 10"
                >
                  <polyline
                    points="1.5 6 4.5 9 10.5 1"
                  />
                </svg>
              </div>
            </span>
            <span
              class="chakra-checkbox__label css-6x44c9"
              data-checked=""
              data-theme="light"
            >
              Layer 2
            </span>
          </label>
          <div
            class="css-17xejub"
            data-theme="light"
          />
        </div>
      </li>
      <li
        class="toc-layer-item layer-layer-1 css-0"
        data-theme="light"
      >
        <div
          class="toc-layer-item-content css-bk4v0k"
          data-theme="light"
        >
          <label
            class="chakra-checkbox css-1577qb8"
            data-checked=""
            data-theme="light"
          >
            <input
              aria-disabled="false"
              aria-label="Layer 1"
              class="chakra-checkbox__input"
              style="border: 0px; clip: rect(0, 0, 0, 0); height: 1px; width: 1px; margin: -1px; padding: 0px; overflow: hidden; white-space: nowrap; position: absolute;"
              type="checkbox"
              value=""
            />
            <span
              aria-hidden="true"
              class="chakra-checkbox__control css-1ydjfm6"
              data-checked=""
              data-theme="light"
            >
              <div
                class="css-0"
                data-theme="light"
                style="display: flex; align-items: center; justify-content: center; height: 100%;"
              >
                <svg
                  class="css-1ckqq05"
                  data-theme="light"
                  style="fill: none; stroke-width: 2; stroke: currentColor; stroke-dasharray: 16;"
                  viewBox="0 0 12 10"
                >
                  <polyline
                    points="1.5 6 4.5 9 10.5 1"
                  />
                </svg>
              </div>
            </span>
            <span
              class="chakra-checkbox__label css-6x44c9"
              data-checked=""
              data-theme="light"
            >
              Layer 1
            </span>
          </label>
          <div
            class="css-17xejub"
            data-theme="light"
          />
        </div>
      </li>
    </ul>
  </div>
</div>
`;
