// Vitest Snapshot v1, https://vitest.dev/guide/snapshot.html

exports[`Should successfully create a toc with default tool component 1`] = `
<div
  class="toc-tools css-0"
  data-theme="light"
>
  <button
    aria-controls="menu-list-:r2:"
    aria-expanded="false"
    aria-haspopup="menu"
    aria-label="toolsLabel"
    class="chakra-button chakra-menu__menu-button toc-tools-button css-170smba"
    data-theme="light"
    id="menu-button-:r2:"
    type="button"
  >
    <span
      class="chakra-button__icon css-1dwr89y"
      data-theme="light"
    >
      <svg
        aria-hidden="true"
        fill="none"
        focusable="false"
        height="1em"
        stroke="currentColor"
        stroke-linecap="round"
        stroke-linejoin="round"
        stroke-width="2"
        viewBox="0 0 24 24"
        width="1em"
        xmlns="http://www.w3.org/2000/svg"
      >
        <circle
          cx="12"
          cy="12"
          r="1"
        />
        <circle
          cx="12"
          cy="5"
          r="1"
        />
        <circle
          cx="12"
          cy="19"
          r="1"
        />
      </svg>
    </span>
    <span
      class="css-xl71ch"
      data-theme="light"
    />
  </button>
</div>
`;

exports[`Should successfully create a toc with default tool component 2`] = `
<div
  aria-orientation="vertical"
  class="tools-menu css-1kfu8nn"
  data-theme="light"
  id="menu-list-:r2:"
  role="menu"
  style="transform-origin: var(--popper-transform-origin); opacity: 0; visibility: hidden; transform: scale(0.8) translateZ(0);"
  tabindex="-1"
>
  <button
    aria-label="tools.hideAllLayers"
    class="chakra-menu__menuitem css-18esm8n"
    data-index="0"
    data-theme="light"
    id="menu-list-:r2:-menuitem-:r3:"
    role="menuitem"
    tabindex="-1"
    type="button"
  >
    tools.hideAllLayers
  </button>
</div>
`;
