// Vitest Snapshot v1, https://vitest.dev/guide/snapshot.html

exports[`should successfully create a scale viewer component 1`] = `
<div
  data-testid="base"
>
  <div
    class="scale-viewer-wrapper"
  />
</div>
`;
