// Vitest Snapshot v1, https://vitest.dev/guide/snapshot.html

exports[`should successfully create a scale viewer component 1`] = `
<div
  data-testid="base"
>
  <div
    class="scale-viewer css-0"
    data-theme="light"
  >
    <p
      class="chakra-text css-0"
      data-theme="light"
    >
      1:
      279,540,573
    </p>
  </div>
</div>
`;
