// Vitest Snapshot v1, https://vitest.dev/guide/snapshot.html

exports[`should successfully create a geolocation component with a button 1`] = `
<button
  aria-label="locateMeStart"
  class="chakra-button tool-button geolocation css-22xpxh"
  data-testid="geolocation"
  data-theme="light"
  disabled=""
  type="button"
>
  <span
    class="chakra-button__icon css-1dwr89y"
    data-theme="light"
  >
    <svg
      aria-hidden="true"
      class="toggle-tool-inactive"
      fill="currentColor"
      focusable="false"
      height="1em"
      stroke="currentColor"
      stroke-width="0"
      viewBox="0 0 24 24"
      width="1em"
      xmlns="http://www.w3.org/2000/svg"
    >
      <path
        d="M0 0h24v24H0z"
        fill="none"
      />
      <path
        d="M12 2C8.13 2 5 5.13 5 9c0 5.25 7 13 7 13s7-7.75 7-13c0-3.87-3.13-7-7-7zm0 9.5a2.5 2.5 0 010-5 2.5 2.5 0 010 5z"
      />
    </svg>
  </span>
</button>
`;
