// Vitest Snapshot v1, https://vitest.dev/guide/snapshot.html

exports[`should successfully create a tool container component 1`] = `
<div
  data-testid="base"
>
  <div
    class="map-container css-v2kfba"
    data-theme="light"
  >
    <div
      class="ol-viewport ol-touch"
      style="position: relative; overflow: hidden; width: 100%; height: 100%;"
    >
      <div
        class="ol-unselectable ol-layers"
        style="position: absolute; width: 100%; height: 100%; z-index: 0;"
      />
      <div
        class="ol-overlaycontainer"
        style="position: absolute; z-index: 0; width: 100%; height: 100%; pointer-events: none;"
      />
      <div
        class="ol-overlaycontainer-stopevent"
        style="position: absolute; z-index: 0; width: 100%; height: 100%; pointer-events: none;"
      >
        <div
          class="ol-zoom ol-unselectable ol-control"
          style="pointer-events: auto;"
        >
          <button
            class="ol-zoom-in"
            title="Zoom in"
            type="button"
          >
            +
          </button>
          <button
            class="ol-zoom-out"
            title="Zoom out"
            type="button"
          >
            –
          </button>
        </div>
        <div
          class="ol-rotate ol-unselectable ol-control ol-hidden"
          style="pointer-events: auto;"
        >
          <button
            class="ol-rotate-reset"
            title="Reset rotation"
            type="button"
          >
            <span
              class="ol-compass"
            >
              ⇧
            </span>
          </button>
        </div>
        <div
          class="ol-attribution ol-unselectable ol-control ol-collapsed"
          style="pointer-events: auto;"
        >
          <button
            aria-expanded="false"
            title="Attributions"
            type="button"
          >
            <span
              class="ol-attribution-expand"
            >
              i
            </span>
          </button>
          <ul />
        </div>
        <div
          class="tool-container css-lhbs93"
          data-theme="light"
        />
      </div>
    </div>
  </div>
</div>
`;
